// Jest Snapshot v1, https://goo.gl/fbAQLP

exports[`Should MovieOverview render correctly 1`] = `
Array [
  <div
    className="movie-rating"
  >
    <div
      className="movie-rating__score"
    >
      2.3
    </div>
    <p
      className="movie-rating__meta"
    >
      <span
        className="movie-rating__level"
      >
        Bad
      </span>
      <span
        className="movie-rating__count"
      >
        293
         ratings
      </span>
    </p>
  </div>,
  <div
    className="movie-card__text"
  >
    <p>
      Lorem ipsum dolor sit amet, consectetur adipiscing elit. Praesent varius quis lorem id iaculis. Sed eget luctus orci. Donec cursus lectus auctor quam tempus ultricies. Nullam at aliquam massa. Donec mollis quis urna eget condimentum. Mauris at dictum ante. Phasellus maximus massa augue, ut luctus dolor rutrum et. Aliquam faucibus turpis lectus, sed hendrerit dolor malesuada at.
    </p>
    <p
      className="movie-card__director"
    >
      <strong>
        Director: 
        Best Director
      </strong>
    </p>
    <p
      className="movie-card__starring"
    >
      <strong>
        Starring: 
        Nicola Cage, Cara Delvin, Joseph Moser
      </strong>
    </p>
  </div>,
]
`;
