// Jest Snapshot v1, https://goo.gl/fbAQLP

exports[`Should Loader render correctly 1`] = `
<div>
  Test
</div>
`;
