// Jest Snapshot v1, https://goo.gl/fbAQLP

exports[`Should MovieCardsList render correctly 1`] = `
<div
  className="catalog__movies-list"
>
  <article
    className="small-movie-card catalog__movies-card"
    onMouseEnter={[Function]}
    onMouseLeave={[Function]}
  >
    <a
      className="small-movie-card__link"
      href="/films/2323"
      onClick={[Function]}
    >
      <div
        className="small-movie-card__image"
      >
        <video
          height="175"
          loop={true}
          muted={true}
          poster="img/seven-years-in-tibet.jpg"
          src="img/seven-years-in-tibet.mp4"
          width="280"
        />
      </div>
      <h3
        className="small-movie-card__title"
      >
        Seven Years IN Tibet
      </h3>
    </a>
  </article>
  <article
    className="small-movie-card catalog__movies-card"
    onMouseEnter={[Function]}
    onMouseLeave={[Function]}
  >
    <a
      className="small-movie-card__link"
      href="/films/2341"
      onClick={[Function]}
    >
      <div
        className="small-movie-card__image"
      >
        <video
          height="175"
          loop={true}
          muted={true}
          poster="img/moonrise-kingdom.jpg"
          src="img/seven-years-in-tibet.mp4"
          width="280"
        />
      </div>
      <h3
        className="small-movie-card__title"
      >
        Moonrise Kingdom
      </h3>
    </a>
  </article>
  <article
    className="small-movie-card catalog__movies-card"
    onMouseEnter={[Function]}
    onMouseLeave={[Function]}
  >
    <a
      className="small-movie-card__link"
      href="/films/2233"
      onClick={[Function]}
    >
      <div
        className="small-movie-card__image"
      >
        <video
          height="175"
          loop={true}
          muted={true}
          poster="img/snatch.jpg"
          src="img/seven-years-in-tibet.mp4"
          width="280"
        />
      </div>
      <h3
        className="small-movie-card__title"
      >
        Snatch
      </h3>
    </a>
  </article>
</div>
`;
