// Jest Snapshot v1, https://goo.gl/fbAQLP

exports[`Should MovieMainPoster render correctly 1`] = `
<div
  className="movie-card__poster"
>
  <img
    alt="someDescription poster"
    height="327"
    src="img/the-grand-budapest-hotel-poster.jpg"
    width="218"
  />
</div>
`;
