// Jest Snapshot v1, https://goo.gl/fbAQLP

exports[`Should MovieInfoPoster render correctly 1`] = `
<div
  className="movie-card__poster movie-card__poster--big"
>
  <img
    alt="Pulp Fiction poster"
    height="327"
    src="img/pulp-fiction.jpg"
    width="218"
  />
</div>
`;
