// Jest Snapshot v1, https://goo.gl/fbAQLP

exports[`Should GenresList render correctly 1`] = `
<ul
  className="catalog__genres-list"
>
  <li
    className="catalog__genres-item "
  >
    <a
      className="catalog__genres-link"
      href="#"
      onClick={[Function]}
    >
      first
    </a>
  </li>
  <li
    className="catalog__genres-item "
  >
    <a
      className="catalog__genres-link"
      href="#"
      onClick={[Function]}
    >
      second
    </a>
  </li>
  <li
    className="catalog__genres-item "
  >
    <a
      className="catalog__genres-link"
      href="#"
      onClick={[Function]}
    >
      third
    </a>
  </li>
</ul>
`;
