// Jest Snapshot v1, https://goo.gl/fbAQLP

exports[`Should MovieCard render correctly 1`] = `
<article
  className="small-movie-card catalog__movies-card"
  onClick={[Function]}
  onMouseEnter={[Function]}
  onMouseLeave={[Function]}
>
  <div
    className="small-movie-card__image"
  >
    <video
      height="175"
      loop={true}
      muted={true}
      poster="img/pulp-fiction.jpg"
      src="img/seven-years-in-tibet.mp4"
      width="280"
    />
  </div>
  <h3
    className="small-movie-card__title"
  >
    <a
      className="small-movie-card__link"
      href="movie-page.html"
    >
      Pulp Fiction
    </a>
  </h3>
</article>
`;
