// Jest Snapshot v1, https://goo.gl/fbAQLP

exports[`Should MovieCardBg render correctly 1`] = `
<div
  className="movie-card__bg"
>
  <img
    alt="Some bg Description"
    src="img/bg-the-grand-budapest-hotel.jpg"
  />
</div>
`;
