// Jest Snapshot v1, https://goo.gl/fbAQLP

exports[`Should SignInForm render correctly 1`] = `
<form
  className="sign-in__form"
  noValidate={true}
  onChange={[Function]}
  onSubmit={[Function]}
>
  <div
    className="sign-in__message"
  >
    <p>
      error message
    </p>
  </div>
  <div
    className="sign-in__fields"
  >
    <div
      className="sign-in__field "
    >
      <input
        className="sign-in__input"
        id="user-email"
        name="user-email"
        onFocus={[Function]}
        placeholder="Email address"
        type="email"
      />
      <label
        className="sign-in__label visually-hidden"
        htmlFor="user-email"
      >
        Email address
      </label>
    </div>
    <div
      className="sign-in__field "
    >
      <input
        className="sign-in__input"
        id="user-password"
        name="user-password"
        onFocus={[Function]}
        placeholder="Password"
        type="password"
      />
      <label
        className="sign-in__label visually-hidden"
        htmlFor="user-password"
      >
        Password
      </label>
    </div>
  </div>
  <div
    className="sign-in__submit"
  >
    <button
      className="sign-in__btn"
      type="submit"
    >
      Sign in
    </button>
  </div>
</form>
`;
