// Jest Snapshot v1, https://goo.gl/fbAQLP

exports[`Should AddReviewButton render correctly 1`] = `
<a
  className="btn movie-card__button"
  href="/films/id/review"
  onClick={[Function]}
>
  Add review
</a>
`;
