// Jest Snapshot v1, https://goo.gl/fbAQLP

exports[`Should GenreItem render correctly 1`] = `
<li
  className="catalog__genres-item"
>
  <a
    className="catalog__genres-link"
    href="#"
  >
    Strange Genre
  </a>
</li>
`;
